// Jest Snapshot v1, https://goo.gl/fbAQLP

exports[`Layout Component Layout snapshot 1`] = `
<div>
  <div
    className="header"
    data-test="headerComponent"
  >
    <button
      className="header_title"
      data-testid="NavigationButton"
      onClick={[Function]}
    >
      Go to Notes
    </button>
  </div>
  Component
</div>
`;
